lcd_tutorial                                                                                                            PAGE 1
                         1     ;-----------------------------------------------------------------------------
                         2     ;Here is LCD Tutorial for 8051 MCU
                         3     ;The demo is for 8bit data comunication with LCD
                         4     ;
                         5     ;------------------------------------------------------------------------------
                         6
                         7     ORG     0000H   ;
0000 802E                8             SJMP Initial
                         9
                        10     ;ORG    000BH   ;
                        11     ;       SJMP TMR0_INTR  ;
                        12
                        13     ;ORG    001BH   ;
                        14     ;       SJMP TMR1_INTR  ;
                        15
                        16     ;ORG    0003H   ;
                        17     ;       SJMP INT0_INTR ;
                        18
                        19     ;ORG    0013H ;
                        20     ;       SJMP INT1_INTR  ;
                        21
                        22     ;ORG    0023H   ;
                        23     ;       SJMP UART_INT   ;
                        24
  0030                  25     DECRES  EQU 30H ;
  0002                  26     MYBIT   EQU 02H ;
                        27             ORG 0030H ;
                        28
                        29     Initial:
0030 75B03F             30             MOV P3,#3FH
                        31
0033 116E               32             ACALL LCD_init
                        33
0035 7480               34             MOV A,#DD_RAM_ADDR1
0037 1199               35             ACALL LCD_command
                        36
0039 7453               37             MOV A,#'S'
003B 11A6               38             ACALL LCD_sendchar
                        39
003D 74C0               40             MOV A,#DD_RAM_ADDR2
003F 1199               41             ACALL LCD_command
                        42
0041 7442               43             MOV A,#'B'
0043 11A6               44             ACALL LCD_sendchar
                        45
0045 7401               46             MOV A,#CLR_DISP
0047 1199               47             ACALL LCD_command
                        48
0049 740E               49             MOV A,#DISP_ON_CUR
004B 1199               50             ACALL LCD_command
                        51
004D 7480               52             MOV A,#DD_RAM_ADDR1
004F 1199               53             ACALL LCD_command
                        54
0051 900200             55             MOV DPTR,#STR1
0054 11C1               56             ACALL LCD_sendstr
                        57
0056 900210             58             MOV DPTR,#BELL
0059 11B3               59             ACALL LCD_buildchar
                        60
005B 7401               61             MOV A,#CLR_DISP
005D 1199               62             ACALL LCD_command
                        63
005F 740C               64             MOV A,#DISP_ON
0061 1199               65             ACALL LCD_command
                        66
0063 7480               67             MOV A,#DD_RAM_ADDR1
0065 1199               68             ACALL LCD_command
                        69
0067 7400               70             MOV A,#0H
0069 11A6               71             ACALL LCD_sendchar
                        72
                        73
                        74     Start:
006B 00                 75             NOP
                        76     Loop1:
                        77             ;CLR P1.0
                        78             ;SETB P1.0
                        79             ;NOP
                        80             ;JB P1.0,Start
006C 80FD               81             JMP Start
                        82
                        83
                        84     ;------------------------------------------------------------------
                        85     ; Subroutines Library
                        86     ;------------------------------------------------------------------
                 =1     87     INCLUDE lcd.inc
                 =1     88     ;Some of web
                 =1     89     ;https://www.8051projects.net/lcd-interfacing/introduction.php
                 =1     90
                 =1     91     ;===============Initialisation constant================================
  0030           =1     92     FUNC_8BIT_1L    EQU 30H
  0038           =1     93     FUNC_8BIT_2L    EQU 38H
  0020           =1     94     FUNC_4BIT_1L    EQU 20H
  0028           =1     95     FUNC_4BIT_2L    EQU 28H
                 =1     96     ;================Comand definition=====================================
  000C           =1     97     DISP_ON         EQU 0CH
  000E           =1     98     DISP_ON_CUR     EQU 0EH
  000F           =1     99     DISP_ON_BLK     EQU 0FH
  0008           =1    100     DISP_OFF        EQU 08H
  0001           =1    101     CLR_DISP        EQU 01H
                 =1    102
  0006           =1    103     ENTRY_INC       EQU 06H
  0007           =1    104     ENTRY_INC_S     EQU 07H
  0004           =1    105     ENTRY_DEC       EQU 04H
  0005           =1    106     ENTRY_DEC_S     EQU 05H
                 =1    107
                 =1    108     ;=================Disp addresses=======================================
  0080           =1    109     DD_RAM_ADDR1    EQU 80H ;First line start address
  00C0           =1    110     DD_RAM_ADDR2    EQU 0C0H ;Second line start address
  0094           =1    111     DD_RAM_ADDR3    EQU 94H ;Third line start address on 20x4 lcds
  00D4           =1    112     DD_RAM_ADDR4    EQU 0D4H ;Fourth line start address on 20x4 lcds
                 =1    113
  0040           =1    114     CG_RAM_ADDR     EQU 40H
                 =1    115
                 =1    116     ;======================================================================
                 =1    117     ; Here define the pins you use for LCD control in 8 bit mode
  00A0           =1    118     LCD_data equ P2    ;LCD Data port
  00A7           =1    119     LCD_D7   equ P2.7  ;LCD D7/Busy Flag
  0090           =1    120     LCD_rs   equ P1.0  ;LCD Register Select
  0091           =1    121     LCD_rw   equ P1.1  ;LCD Read/Write
  0092           =1    122     LCD_en   equ P1.2  ;LCD Enable
                 =1    123
                 =1    124
                 =1    125
                 =1    126     LCD_Init:
                 =1    127     ;----------------------------------------------------------------------
006E C290        =1    128             clr LCD_rs
0070 C291        =1    129             clr LCD_rw
0072 C292        =1    130             clr LCD_en
                 =1    131
0074 7414        =1    132             mov A,#20
0076 75F000      =1    133             mov B,#0
                 =1    134             ;acall Wait_mS ;Wait 20 mS
0079 75A030      =1    135             mov  LCD_data,#00110000B
007C D292        =1    136             setb LCD_en
007E C292        =1    137             clr  LCD_en
                 =1    138
0080 7406        =1    139             mov A,#6
0082 75F000      =1    140             mov B,#0
                 =1    141             ;acall Wait_mS ;Wait 6 mS
0085 75A038      =1    142             mov  LCD_data,#FUNC_8BIT_2L
0088 D292        =1    143             setb LCD_en
008A C292        =1    144             clr  LCD_en
                 =1    145
008C 7408        =1    146             mov A,#DISP_OFF
008E 1199        =1    147             acall LCD_command
                 =1    148
0090 740C        =1    149             mov A,#DISP_ON
0092 1199        =1    150             acall LCD_command
                 =1    151
0094 7406        =1    152             mov A,#ENTRY_INC
0096 1199        =1    153             acall LCD_command
                 =1    154
0098 22          =1    155             ret
                 =1    156     ;----------------------------------------------------------------------
                 =1    157
                 =1    158
                 =1    159     ;======================================================================
                 =1    160
                 =1    161     ;Ports used are same as the previous example
                 =1    162     ;Routine to send command to LCD
                 =1    163
                 =1    164     LCD_command:
0099 F5A0        =1    165              mov   LCD_data,A     ;Move the command to LCD port
009B C290        =1    166              clr   LCD_rs         ;Selected command register
009D C291        =1    167              clr   LCD_rw         ;We are writing in instruction register
009F D292        =1    168              setb  LCD_en         ;Enable H->
                 =1    169
00A1 C292        =1    170              clr   LCD_en
00A3 11CB        =1    171              acall LCD_busy       ;Wait for LCD to process the command
00A5 22          =1    172              ret                  ;Return from busy routine
                 =1    173
                 =1    174
                 =1    175     ;======================================================================
                 =1    176     ;Ports used are same as the previous example
                 =1    177     ;Routine to send data (single character) to LCD
                 =1    178
                 =1    179     LCD_sendchar:
00A6 F5A0        =1    180              mov   LCD_data,A     ;Move the command to LCD port
00A8 D290        =1    181              setb  LCD_rs         ;Selected data register
00AA C291        =1    182              clr   LCD_rw         ;We are writing
00AC D292        =1    183              setb  LCD_en         ;Enable H->
                 =1    184
00AE C292        =1    185              clr   LCD_en
00B0 11CB        =1    186              acall LCD_busy       ;Wait for LCD to process the data
00B2 22          =1    187              ret                  ;Return from busy routine
                 =1    188
                 =1    189
                 =1    190
                 =1    191     LCD_buildchar:
                 =1    192
00B3 7440        =1    193             MOV A,#40H
00B5 1199        =1    194             ACALL LCD_command
                 =1    195
00B7 7807        =1    196             MOV R0,#7
                 =1    197     NEXT_data:
00B9 E4          =1    198             CLR A
00BA 93          =1    199             MOVC A,@A+DPTR
00BB 11A6        =1    200             ACALL LCD_sendchar
00BD A3          =1    201             INC DPTR
00BE D8F9        =1    202             DJNZ R0,NEXT_data
00C0 22          =1    203             RET
                 =1    204
                 =1    205
                 =1    206     ;======================================================================
                 =1    207     LCD_sendstr:
                 =1    208
00C1 E4          =1    209             CLR A
00C2 93          =1    210             MOVC A,@A+DPTR
00C3 6005        =1    211             JZ EXIT_sendstr
00C5 11A6        =1    212             ACALL LCD_sendchar
00C7 A3          =1    213             INC DPTR
00C8 80F7        =1    214             JMP LCD_sendstr
                 =1    215     EXIT_sendstr:
00CA 22          =1    216             RET
                 =1    217     ;=======================================================================
                 =1    218     LCD_busy:
00CB D2A7        =1    219              setb   LCD_D7        ;Make D7th bit of LCD data port as i/p
00CD D292        =1    220              setb   LCD_en        ;Make port pin as o/p
00CF C290        =1    221              clr    LCD_rs        ;Select command register
00D1 D291        =1    222              setb   LCD_rw        ;we are reading
                 =1    223     check:
00D3 C292        =1    224              clr    LCD_en        ;Enable H->
00D5 E5A0        =1    225              mov    A,LCD_data
00D7 D292        =1    226              setb   LCD_en
00D9 20E7F7      =1    227              jb     A.7,check     ;read busy flag again and again till it becomes 0
00DC 22          =1    228              ret                  ;Return from busy routine
                 =1    229
                 =1    230     ;------------------------Subroutines for delay-------------------------
                 =2    231     INCLUDE delay.inc
                 =2    232     ;======================================================================
                 =2    233     ;Library with soubroutnes for delay function no need of hardware timers
                 =2    234     ;All delay are calculated for 12 MHz Clock frequency
                 =2    235     ;
                 =2    236     ;Date: 21.04.2021               Author: S. Banchev
                 =2    237     ;Source: https://github.com/sbch01/8051/
                 =2    238     ;======================================================================
                 =2    239
                 =2    240
                 =2    241     ;----------------------------------------------------------------------
                 =2    242     ; Subroutine wait uS
                 =2    243     ;----------------------------------------------------------------------
                 =2    244     Wait_uS: ;loop aprox A value in uS
00DD 13          =2    245             RRC A ; divide by two loded in A value
                 =2    246     Wait_uSx2: ;loop aprox A value  x2 in uS
00DE D5E0FD      =2    247             DJNZ A,$ ;
00E1 22          =2    248             RET
                 =2    249     ;----------------------------------------------------------------------
                 =2    250
                 =2    251     ;----------------------------------------------------------------------
                 =2    252     ; Subroutine wait mS
                 =2    253     ;----------------------------------------------------------------------
                 =2    254     ;Load A and B register with your delay needs
                 =2    255     ;A register is low byte digit and B register is high byte register
                 =2    256     ;Always check value in two register before call subroutine
                 =2    257     ;Max delay is 65535 mS if A=0xff and B=0xff
                 =2    258     Wait_mS:
00E2 05F0        =2    259             INC B
                 =2    260     Loop_mS:
00E4 78F9        =2    261             MOV R0,#249
00E6 D8FE        =2    262             DJNZ R0,$
00E8 78F9        =2    263             MOV R0,#249
00EA D8FE        =2    264             DJNZ R0,$
00EC D5E0F5      =2    265             DJNZ A,Loop_mS
00EF D5F0F2      =2    266             DJNZ B,Loop_mS
00F2 22          =2    267             RET
                       268
                       269     ORG 0200H
                       270     ;----------------String constants----------------------------------
0200 3830353120        271     STR1:DB '8051 is Legend!',0
     6973204C65
     67656E6421
     00
                       272     ;----------------Custom charter constant---------------------------
0210 040E0E0E1F        273     BELL:DB 00100b, 01110b, 01110b, 01110b, 11111b, 00000b, 00100b, 00000b
     000400
                       274             END
ASSEMBLY COMPLETE, NO ERRORS FOUND, NO WARNINGS


SYMBOL TABLE:
??MCU_8051_IDE . . . . . . . . . . .  N  NUMB  8051H  NOT USED
??VERSION. . . . . . . . . . . . . .  N  NUMB  0149H  NOT USED
AC . . . . . . . . . . . . . . . . .  B  ADDR  00D6H  NOT USED
ACC. . . . . . . . . . . . . . . . .  D  ADDR  00E0H  NOT USED
ACSR . . . . . . . . . . . . . . . .  D  ADDR  0097H  NOT USED
ADCF . . . . . . . . . . . . . . . .  D  ADDR  00F6H  NOT USED
ADCLK. . . . . . . . . . . . . . . .  D  ADDR  00F2H  NOT USED
ADCON. . . . . . . . . . . . . . . .  D  ADDR  00F3H  NOT USED
ADDH . . . . . . . . . . . . . . . .  D  ADDR  00F5H  NOT USED
ADDL . . . . . . . . . . . . . . . .  D  ADDR  00F4H  NOT USED
AUXR . . . . . . . . . . . . . . . .  D  ADDR  008EH  NOT USED
AUXR1. . . . . . . . . . . . . . . .  D  ADDR  00A2H  NOT USED
B. . . . . . . . . . . . . . . . . .  D  ADDR  00F0H
BDRCON . . . . . . . . . . . . . . .  D  ADDR  009BH  NOT USED
BDRCON_1 . . . . . . . . . . . . . .  D  ADDR  009CH  NOT USED
BELL . . . . . . . . . . . . . . . .  C  ADDR  0210H
BRL. . . . . . . . . . . . . . . . .  D  ADDR  009AH  NOT USED
CCAP0H . . . . . . . . . . . . . . .  D  ADDR  00FAH  NOT USED
CCAP0L . . . . . . . . . . . . . . .  D  ADDR  00EAH  NOT USED
CCAP1H . . . . . . . . . . . . . . .  D  ADDR  00FBH  NOT USED
CCAP1L . . . . . . . . . . . . . . .  D  ADDR  00EBH  NOT USED
CCAP2H . . . . . . . . . . . . . . .  D  ADDR  00FCH  NOT USED
CCAP3H . . . . . . . . . . . . . . .  D  ADDR  00FDH  NOT USED
CCAP4H . . . . . . . . . . . . . . .  D  ADDR  00FEH  NOT USED
CCAPL2H. . . . . . . . . . . . . . .  D  ADDR  00FCH  NOT USED
CCAPL2L. . . . . . . . . . . . . . .  D  ADDR  00ECH  NOT USED
CCAPL3H. . . . . . . . . . . . . . .  D  ADDR  00FDH  NOT USED
CCAPL3L. . . . . . . . . . . . . . .  D  ADDR  00EDH  NOT USED
CCAPL4H. . . . . . . . . . . . . . .  D  ADDR  00FEH  NOT USED
CCAPL4L. . . . . . . . . . . . . . .  D  ADDR  00EEH  NOT USED
CCAPM0 . . . . . . . . . . . . . . .  D  ADDR  00DAH  NOT USED
CCAPM1 . . . . . . . . . . . . . . .  D  ADDR  00DBH  NOT USED
CCAPM2 . . . . . . . . . . . . . . .  D  ADDR  00DCH  NOT USED
CCAPM3 . . . . . . . . . . . . . . .  D  ADDR  00DDH  NOT USED
CCAPM4 . . . . . . . . . . . . . . .  D  ADDR  00DEH  NOT USED
CCF0 . . . . . . . . . . . . . . . .  B  ADDR  00D8H  NOT USED
CCF1 . . . . . . . . . . . . . . . .  B  ADDR  00D9H  NOT USED
CCF2 . . . . . . . . . . . . . . . .  B  ADDR  00DAH  NOT USED
CCF3 . . . . . . . . . . . . . . . .  B  ADDR  00DBH  NOT USED
CCF4 . . . . . . . . . . . . . . . .  B  ADDR  00DCH  NOT USED
CCON . . . . . . . . . . . . . . . .  D  ADDR  00D8H  NOT USED
CFINT. . . . . . . . . . . . . . . .  C  ADDR  0033H  NOT USED
CG_RAM_ADDR. . . . . . . . . . . . .  N  NUMB  0040H  NOT USED
CH . . . . . . . . . . . . . . . . .  D  ADDR  00F9H  NOT USED
CHECK. . . . . . . . . . . . . . . .  C  ADDR  00D3H
CKCON. . . . . . . . . . . . . . . .  D  ADDR  008FH  NOT USED
CKCON0 . . . . . . . . . . . . . . .  D  ADDR  008FH  NOT USED
CKRL . . . . . . . . . . . . . . . .  D  ADDR  0097H  NOT USED
CKSEL. . . . . . . . . . . . . . . .  D  ADDR  0085H  NOT USED
CL . . . . . . . . . . . . . . . . .  D  ADDR  00E9H  NOT USED
CLKREG . . . . . . . . . . . . . . .  D  ADDR  008FH  NOT USED
CLR_DISP . . . . . . . . . . . . . .  N  NUMB  0001H
CMOD . . . . . . . . . . . . . . . .  D  ADDR  00D9H  NOT USED
CPRL2. . . . . . . . . . . . . . . .  B  ADDR  00C8H  NOT USED
CR . . . . . . . . . . . . . . . . .  B  ADDR  00DEH  NOT USED
CT2. . . . . . . . . . . . . . . . .  B  ADDR  00C9H  NOT USED
CY . . . . . . . . . . . . . . . . .  B  ADDR  00D7H  NOT USED
DD_RAM_ADDR1 . . . . . . . . . . . .  N  NUMB  0080H
DD_RAM_ADDR2 . . . . . . . . . . . .  N  NUMB  00C0H
DD_RAM_ADDR3 . . . . . . . . . . . .  N  NUMB  0094H  NOT USED
DD_RAM_ADDR4 . . . . . . . . . . . .  N  NUMB  00D4H  NOT USED
DECRES . . . . . . . . . . . . . . .  N  NUMB  0030H  NOT USED
DISP_OFF . . . . . . . . . . . . . .  N  NUMB  0008H
DISP_ON. . . . . . . . . . . . . . .  N  NUMB  000CH
DISP_ON_BLK. . . . . . . . . . . . .  N  NUMB  000FH  NOT USED
DISP_ON_CUR. . . . . . . . . . . . .  N  NUMB  000EH
DP0H . . . . . . . . . . . . . . . .  D  ADDR  0083H  NOT USED
DP0L . . . . . . . . . . . . . . . .  D  ADDR  0082H  NOT USED
DP1H . . . . . . . . . . . . . . . .  D  ADDR  0085H  NOT USED
DP1L . . . . . . . . . . . . . . . .  D  ADDR  0084H  NOT USED
DPH. . . . . . . . . . . . . . . . .  D  ADDR  0083H  NOT USED
DPL. . . . . . . . . . . . . . . . .  D  ADDR  0082H  NOT USED
EA . . . . . . . . . . . . . . . . .  B  ADDR  00AFH  NOT USED
EC . . . . . . . . . . . . . . . . .  B  ADDR  00AEH  NOT USED
EECON. . . . . . . . . . . . . . . .  D  ADDR  0096H  NOT USED
ENTRY_DEC. . . . . . . . . . . . . .  N  NUMB  0004H  NOT USED
ENTRY_DEC_S. . . . . . . . . . . . .  N  NUMB  0005H  NOT USED
ENTRY_INC. . . . . . . . . . . . . .  N  NUMB  0006H
ENTRY_INC_S. . . . . . . . . . . . .  N  NUMB  0007H  NOT USED
ES . . . . . . . . . . . . . . . . .  B  ADDR  00ACH  NOT USED
ET0. . . . . . . . . . . . . . . . .  B  ADDR  00A9H  NOT USED
ET1. . . . . . . . . . . . . . . . .  B  ADDR  00ABH  NOT USED
ET2. . . . . . . . . . . . . . . . .  B  ADDR  00ADH  NOT USED
EX0. . . . . . . . . . . . . . . . .  B  ADDR  00A8H  NOT USED
EX1. . . . . . . . . . . . . . . . .  B  ADDR  00AAH  NOT USED
EXEN2. . . . . . . . . . . . . . . .  B  ADDR  00CBH  NOT USED
EXF2 . . . . . . . . . . . . . . . .  B  ADDR  00CEH  NOT USED
EXIT_SENDSTR . . . . . . . . . . . .  C  ADDR  00CAH
EXTI0. . . . . . . . . . . . . . . .  C  ADDR  0003H  NOT USED
EXTI1. . . . . . . . . . . . . . . .  C  ADDR  0013H  NOT USED
F0 . . . . . . . . . . . . . . . . .  B  ADDR  00D5H  NOT USED
FE . . . . . . . . . . . . . . . . .  B  ADDR  009FH  NOT USED
FUNC_4BIT_1L . . . . . . . . . . . .  N  NUMB  0020H  NOT USED
FUNC_4BIT_2L . . . . . . . . . . . .  N  NUMB  0028H  NOT USED
FUNC_8BIT_1L . . . . . . . . . . . .  N  NUMB  0030H  NOT USED
FUNC_8BIT_2L . . . . . . . . . . . .  N  NUMB  0038H
IE . . . . . . . . . . . . . . . . .  D  ADDR  00A8H  NOT USED
IE0. . . . . . . . . . . . . . . . .  B  ADDR  0089H  NOT USED
IE1. . . . . . . . . . . . . . . . .  B  ADDR  008BH  NOT USED
INITIAL. . . . . . . . . . . . . . .  C  ADDR  0030H
INT0 . . . . . . . . . . . . . . . .  B  ADDR  00B2H  NOT USED
INT1 . . . . . . . . . . . . . . . .  B  ADDR  00B3H  NOT USED
IP . . . . . . . . . . . . . . . . .  D  ADDR  00B8H  NOT USED
IPH. . . . . . . . . . . . . . . . .  D  ADDR  00B7H  NOT USED
IPH0 . . . . . . . . . . . . . . . .  D  ADDR  00B7H  NOT USED
IPH1 . . . . . . . . . . . . . . . .  D  ADDR  00B3H  NOT USED
IPL0 . . . . . . . . . . . . . . . .  D  ADDR  00B8H  NOT USED
IPL1 . . . . . . . . . . . . . . . .  D  ADDR  00B2H  NOT USED
IT0. . . . . . . . . . . . . . . . .  B  ADDR  0088H  NOT USED
IT1. . . . . . . . . . . . . . . . .  B  ADDR  008AH  NOT USED
KBE. . . . . . . . . . . . . . . . .  D  ADDR  009DH  NOT USED
KBF. . . . . . . . . . . . . . . . .  D  ADDR  009EH  NOT USED
KBLS . . . . . . . . . . . . . . . .  D  ADDR  009CH  NOT USED
LCD_BUILDCHAR. . . . . . . . . . . .  C  ADDR  00B3H
LCD_BUSY . . . . . . . . . . . . . .  C  ADDR  00CBH
LCD_COMMAND. . . . . . . . . . . . .  C  ADDR  0099H
LCD_D7 . . . . . . . . . . . . . . .  N  NUMB  00A7H
LCD_DATA . . . . . . . . . . . . . .  N  NUMB  00A0H
LCD_EN . . . . . . . . . . . . . . .  N  NUMB  0092H
LCD_INIT . . . . . . . . . . . . . .  C  ADDR  006EH
LCD_RS . . . . . . . . . . . . . . .  N  NUMB  0090H
LCD_RW . . . . . . . . . . . . . . .  N  NUMB  0091H
LCD_SENDCHAR . . . . . . . . . . . .  C  ADDR  00A6H
LCD_SENDSTR. . . . . . . . . . . . .  C  ADDR  00C1H
LOOP1. . . . . . . . . . . . . . . .  C  ADDR  006CH  NOT USED
LOOP_MS. . . . . . . . . . . . . . .  C  ADDR  00E4H
MYBIT. . . . . . . . . . . . . . . .  N  NUMB  0002H  NOT USED
NEXT_DATA. . . . . . . . . . . . . .  C  ADDR  00B9H
OSCCON . . . . . . . . . . . . . . .  D  ADDR  0086H  NOT USED
OV . . . . . . . . . . . . . . . . .  B  ADDR  00D2H  NOT USED
P. . . . . . . . . . . . . . . . . .  B  ADDR  00D0H  NOT USED
P0 . . . . . . . . . . . . . . . . .  D  ADDR  0080H  NOT USED
P1 . . . . . . . . . . . . . . . . .  D  ADDR  0090H  NOT USED
P1M1 . . . . . . . . . . . . . . . .  D  ADDR  00D4H  NOT USED
P1M2 . . . . . . . . . . . . . . . .  D  ADDR  00E2H  NOT USED
P2 . . . . . . . . . . . . . . . . .  D  ADDR  00A0H  NOT USED
P3 . . . . . . . . . . . . . . . . .  D  ADDR  00B0H
P3M1 . . . . . . . . . . . . . . . .  D  ADDR  00D5H  NOT USED
P3M2 . . . . . . . . . . . . . . . .  D  ADDR  00E3H  NOT USED
P4 . . . . . . . . . . . . . . . . .  D  ADDR  00C0H  NOT USED
P4M1 . . . . . . . . . . . . . . . .  D  ADDR  00D6H  NOT USED
P4M2 . . . . . . . . . . . . . . . .  D  ADDR  00E4H  NOT USED
P5 . . . . . . . . . . . . . . . . .  D  ADDR  00E8H  NOT USED
PC . . . . . . . . . . . . . . . . .  B  ADDR  00BEH  NOT USED
PCON . . . . . . . . . . . . . . . .  D  ADDR  0087H  NOT USED
PPCL . . . . . . . . . . . . . . . .  B  ADDR  00BEH  NOT USED
PS . . . . . . . . . . . . . . . . .  B  ADDR  00BCH  NOT USED
PSL. . . . . . . . . . . . . . . . .  B  ADDR  00BCH  NOT USED
PSW. . . . . . . . . . . . . . . . .  D  ADDR  00D0H  NOT USED
PT0. . . . . . . . . . . . . . . . .  B  ADDR  00B9H  NOT USED
PT0L . . . . . . . . . . . . . . . .  B  ADDR  00B9H  NOT USED
PT1. . . . . . . . . . . . . . . . .  B  ADDR  00BBH  NOT USED
PT1L . . . . . . . . . . . . . . . .  B  ADDR  00BBH  NOT USED
PT2. . . . . . . . . . . . . . . . .  B  ADDR  00BDH  NOT USED
PT2L . . . . . . . . . . . . . . . .  B  ADDR  00BDH  NOT USED
PX0. . . . . . . . . . . . . . . . .  B  ADDR  00B8H  NOT USED
PX0L . . . . . . . . . . . . . . . .  B  ADDR  00B8H  NOT USED
PX1. . . . . . . . . . . . . . . . .  B  ADDR  00BAH  NOT USED
PX1L . . . . . . . . . . . . . . . .  B  ADDR  00BAH  NOT USED
RB8. . . . . . . . . . . . . . . . .  B  ADDR  009AH  NOT USED
RCAP2H . . . . . . . . . . . . . . .  D  ADDR  00CBH  NOT USED
RCAP2L . . . . . . . . . . . . . . .  D  ADDR  00CAH  NOT USED
RCLK . . . . . . . . . . . . . . . .  B  ADDR  00CDH  NOT USED
RD . . . . . . . . . . . . . . . . .  B  ADDR  00B7H  NOT USED
REN. . . . . . . . . . . . . . . . .  B  ADDR  009CH  NOT USED
RESET. . . . . . . . . . . . . . . .  C  ADDR  0000H  NOT USED
RI . . . . . . . . . . . . . . . . .  B  ADDR  0098H  NOT USED
RS0. . . . . . . . . . . . . . . . .  B  ADDR  00D3H  NOT USED
RS1. . . . . . . . . . . . . . . . .  B  ADDR  00D4H  NOT USED
RXD. . . . . . . . . . . . . . . . .  B  ADDR  00B0H  NOT USED
SADDR. . . . . . . . . . . . . . . .  D  ADDR  00A9H  NOT USED
SADDR_0. . . . . . . . . . . . . . .  D  ADDR  00A9H  NOT USED
SADDR_1. . . . . . . . . . . . . . .  D  ADDR  00AAH  NOT USED
SADEN. . . . . . . . . . . . . . . .  D  ADDR  00B9H  NOT USED
SADEN_0. . . . . . . . . . . . . . .  D  ADDR  00B9H  NOT USED
SADEN_1. . . . . . . . . . . . . . .  D  ADDR  00BAH  NOT USED
SBUF . . . . . . . . . . . . . . . .  D  ADDR  0099H  NOT USED
SCON . . . . . . . . . . . . . . . .  D  ADDR  0098H  NOT USED
SINT . . . . . . . . . . . . . . . .  C  ADDR  0023H  NOT USED
SM0. . . . . . . . . . . . . . . . .  B  ADDR  009FH  NOT USED
SM1. . . . . . . . . . . . . . . . .  B  ADDR  009EH  NOT USED
SM2. . . . . . . . . . . . . . . . .  B  ADDR  009DH  NOT USED
SP . . . . . . . . . . . . . . . . .  D  ADDR  0081H  NOT USED
SPCON. . . . . . . . . . . . . . . .  D  ADDR  00C3H  NOT USED
SPCR . . . . . . . . . . . . . . . .  D  ADDR  00D5H  NOT USED
SPDAT. . . . . . . . . . . . . . . .  D  ADDR  00C5H  NOT USED
SPDR . . . . . . . . . . . . . . . .  D  ADDR  0086H  NOT USED
SPSR . . . . . . . . . . . . . . . .  D  ADDR  00AAH  NOT USED
SPSTA. . . . . . . . . . . . . . . .  D  ADDR  00C4H  NOT USED
START. . . . . . . . . . . . . . . .  C  ADDR  006BH
STR1 . . . . . . . . . . . . . . . .  C  ADDR  0200H
T0 . . . . . . . . . . . . . . . . .  B  ADDR  00B4H  NOT USED
T1 . . . . . . . . . . . . . . . . .  B  ADDR  00B5H  NOT USED
T2CON. . . . . . . . . . . . . . . .  D  ADDR  00C8H  NOT USED
T2MOD. . . . . . . . . . . . . . . .  D  ADDR  00C9H  NOT USED
TB8. . . . . . . . . . . . . . . . .  B  ADDR  009BH  NOT USED
TCLK . . . . . . . . . . . . . . . .  B  ADDR  00CCH  NOT USED
TCON . . . . . . . . . . . . . . . .  D  ADDR  0088H  NOT USED
TF0. . . . . . . . . . . . . . . . .  B  ADDR  008DH  NOT USED
TF1. . . . . . . . . . . . . . . . .  B  ADDR  008FH  NOT USED
TF2. . . . . . . . . . . . . . . . .  B  ADDR  00CFH  NOT USED
TH0. . . . . . . . . . . . . . . . .  D  ADDR  008CH  NOT USED
TH1. . . . . . . . . . . . . . . . .  D  ADDR  008DH  NOT USED
TH2. . . . . . . . . . . . . . . . .  D  ADDR  00CDH  NOT USED
TI . . . . . . . . . . . . . . . . .  B  ADDR  0099H  NOT USED
TIMER0 . . . . . . . . . . . . . . .  C  ADDR  000BH  NOT USED
TIMER1 . . . . . . . . . . . . . . .  C  ADDR  001BH  NOT USED
TIMER2 . . . . . . . . . . . . . . .  C  ADDR  002BH  NOT USED
TL0. . . . . . . . . . . . . . . . .  D  ADDR  008AH  NOT USED
TL1. . . . . . . . . . . . . . . . .  D  ADDR  008BH  NOT USED
TL2. . . . . . . . . . . . . . . . .  D  ADDR  00CCH  NOT USED
TMOD . . . . . . . . . . . . . . . .  D  ADDR  0089H  NOT USED
TR0. . . . . . . . . . . . . . . . .  B  ADDR  008CH  NOT USED
TR1. . . . . . . . . . . . . . . . .  B  ADDR  008EH  NOT USED
TR2. . . . . . . . . . . . . . . . .  B  ADDR  00CAH  NOT USED
TXD. . . . . . . . . . . . . . . . .  B  ADDR  00B1H  NOT USED
WAIT_MS. . . . . . . . . . . . . . .  C  ADDR  00E2H  NOT USED
WAIT_US. . . . . . . . . . . . . . .  C  ADDR  00DDH  NOT USED
WAIT_USX2. . . . . . . . . . . . . .  C  ADDR  00DEH  NOT USED
WDTCON . . . . . . . . . . . . . . .  D  ADDR  00A7H  NOT USED
WDTPRG . . . . . . . . . . . . . . .  D  ADDR  00A7H  NOT USED
WDTRST . . . . . . . . . . . . . . .  D  ADDR  00A6H  NOT USED
WR . . . . . . . . . . . . . . . . .  B  ADDR  00B6H  NOT USED